<html>
<body>
<pre>
<h1>µVision Build Log</h1>
<h2>Project:</h2>
C:\Users\mohamed\Desktop\GPS TRACKING SYSTEM (PHASE 1)\GPS_TRACKING_SYSTEM\first milestone.uvproj
Project File Date:  06/06/2021

<h2>Output:</h2>
Build target 'Target 1'
assembling startup_TM4C123.s...
compiling phase1.c...
led.h(6): warning:  #1295-D: Deprecated declaration init - give arg types
  void init();
led.h(7): warning:  #1295-D: Deprecated declaration led_on - give arg types
  void led_on();
led.h(9): warning:  #1-D: last line of file ends without a newline
  #endif
distance.h(9): warning:  #1-D: last line of file ends without a newline
  #endif
delay.h(6): warning:  #1295-D: Deprecated declaration SysTick_Init - give arg types
  void SysTick_Init();
delay.h(10): warning:  #1-D: last line of file ends without a newline
  #endif
lcd_init.h(6): warning:  #1295-D: Deprecated declaration lcd_init - give arg types
  void lcd_init();
lcd_init.h(8): warning:  #1-D: last line of file ends without a newline
  #endif
lcd_cmd_data.h(10): warning:  #1-D: last line of file ends without a newline
  #endif
lcd_tracking.h(10): warning:  #1-D: last line of file ends without a newline
  #endif
constants_phase1.h(23): warning:  #1-D: last line of file ends without a newline
  #endif
phase1.c: 11 warnings, 0 errors
compiling distance.c...
distance.h(9): warning:  #1-D: last line of file ends without a newline
  #endif
distance.c(29): warning:  #1-D: last line of file ends without a newline
        }
distance.c: 2 warnings, 0 errors
compiling delay.c...
delay.h(6): warning:  #1295-D: Deprecated declaration SysTick_Init - give arg types
  void SysTick_Init();
delay.h(10): warning:  #1-D: last line of file ends without a newline
  #endif
delay.c(22): warning:  #1-D: last line of file ends without a newline
  }// Call this routine to wait for delay*1ms
delay.c: 3 warnings, 0 errors
compiling lcd_cmd_data.c...
delay.h(6): warning:  #1295-D: Deprecated declaration SysTick_Init - give arg types
  void SysTick_Init();
delay.h(10): warning:  #1-D: last line of file ends without a newline
  #endif
lcd_cmd_data.h(10): warning:  #1-D: last line of file ends without a newline
  #endif
lcd_cmd_data.c(20): warning:  #1-D: last line of file ends without a newline
        }
lcd_cmd_data.c: 4 warnings, 0 errors
compiling lcd_init.c...
lcd_init.h(6): warning:  #1295-D: Deprecated declaration lcd_init - give arg types
  void lcd_init();
lcd_init.h(8): warning:  #1-D: last line of file ends without a newline
  #endif
lcd_init.c(21): warning:  #1-D: last line of file ends without a newline
        }
lcd_init.c: 3 warnings, 0 errors
compiling lcd_tracking.c...
delay.h(6): warning:  #1295-D: Deprecated declaration SysTick_Init - give arg types
  void SysTick_Init();
delay.h(10): warning:  #1-D: last line of file ends without a newline
  #endif
lcd_cmd_data.h(10): warning:  #1-D: last line of file ends without a newline
  #endif
lcd_tracking.h(10): warning:  #1-D: last line of file ends without a newline
  #endif
lcd_tracking.c(16): warning:  #1-D: last line of file ends without a newline
  }
lcd_tracking.c: 5 warnings, 0 errors
compiling led.c...
led.h(6): warning:  #1295-D: Deprecated declaration init - give arg types
  void init();
led.h(7): warning:  #1295-D: Deprecated declaration led_on - give arg types
  void led_on();
led.h(9): warning:  #1-D: last line of file ends without a newline
  #endif
led.c(18): warning:  #1-D: last line of file ends without a newline
  }
led.c: 4 warnings, 0 errors
linking...
Program Size: Code=12292 RO-data=1148 RW-data=0 ZI-data=608  
".\first milestone.axf" - 0 Error(s), 32 Warning(s).
</pre>
</body>
</html>
