<html>
<body>
<pre>
<h1>µVision Build Log</h1>
<h2>Project:</h2>
C:\Users\mohamed\Desktop\GPS_TRACKING_SYSTEM\first milestone.uvproj
Project File Date:  06/12/2021

<h2>Output:</h2>
Build target 'Target 1'
compiling phase1.c...
led.h(6): warning:  #1295-D: Deprecated declaration portf_init - give arg types
  void portf_init();
led.h(7): warning:  #1295-D: Deprecated declaration led_on - give arg types
  void led_on();
led.h(9): warning:  #1-D: last line of file ends without a newline
  #endif
distance.h(9): warning:  #1-D: last line of file ends without a newline
  #endif
delay.h(6): warning:  #1295-D: Deprecated declaration SysTick_Init - give arg types
  void SysTick_Init();
delay.h(10): warning:  #1-D: last line of file ends without a newline
  #endif
lcd_init.h(6): warning:  #1295-D: Deprecated declaration lcd_init - give arg types
  void lcd_init();
lcd_init.h(8): warning:  #1-D: last line of file ends without a newline
  #endif
lcd_cmd_data.h(10): warning:  #1-D: last line of file ends without a newline
  #endif
lcd_tracking.h(10): warning:  #1-D: last line of file ends without a newline
  #endif
constants_phase1.h(23): warning:  #1-D: last line of file ends without a newline
  #endif
phase1.c(208): warning:  #128-D: loop is not reachable
                for( j=0;j<200;j+=2){
phase1.c(147): warning:  #177-D: variable "word_count" was declared but never referenced
                uint32_t word_count ;
phase1.c(148): warning:  #177-D: variable "i" was declared but never referenced
          int i=0,j=0;
phase1.c: 14 warnings, 0 errors
linking...
Program Size: Code=4488 RO-data=716 RW-data=12 ZI-data=2116  
".\first milestone.axf" - 0 Error(s), 14 Warning(s).
Load "C:\\Users\\mohamed\\Desktop\\GPS_TRACKING_SYSTEM\\first milestone.axf" 
Connecting: Mode=JTAG, Speed=1000000Hz
Erase Done.
Programming Done.
Verify OK.
</pre>
</body>
</html>
