ARM Linker, 5.03 [Build 76] [MDK-ARM Lite]

==============================================================================

Section Cross References

    startup_tm4c123.o(RESET) refers to startup_tm4c123.o(STACK) for __initial_sp
    startup_tm4c123.o(RESET) refers to startup_tm4c123.o(.text) for Reset_Handler
    startup_tm4c123.o(.text) refers to phase1.o(.text) for SystemInit
    startup_tm4c123.o(.text) refers to entry.o(.ARM.Collect$$$$00000000) for __main
    phase1.o(.text) refers to uart.o(.text) for UART0_Read
    phase1.o(.text) refers to strtok.o(.text) for strtok
    phase1.o(.text) refers to strcpy.o(.text) for strcpy
    phase1.o(.text) refers to strcmp.o(.text) for strcmp
    phase1.o(.text) refers to atof.o(i.atof) for atof
    phase1.o(.text) refers to d2f.o(.text) for __aeabi_d2f
    phase1.o(.text) refers to fdiv.o(.text) for __aeabi_fdiv
    phase1.o(.text) refers to ffixui.o(.text) for __aeabi_f2uiz
    phase1.o(.text) refers to ffltui.o(.text) for __aeabi_ui2f
    phase1.o(.text) refers to fadd.o(.text) for __aeabi_frsub
    phase1.o(.text) refers to led.o(.text) for portf_init
    phase1.o(.text) refers to lcd_init.o(.text) for lcd_init
    phase1.o(.text) refers to lcd_cmd_data.o(.text) for LCD_Cmd
    phase1.o(.text) refers to delay.o(.text) for SysTick_Wait_1ms
    phase1.o(.text) refers to phase1.o(.bss) for coords_obtained
    phase1.o(.text) refers to phase1.o(.data) for indx1
    distance.o(.text) refers to dadd.o(.text) for __aeabi_dsub
    distance.o(.text) refers to dmul.o(.text) for __aeabi_dmul
    distance.o(.text) refers to ddiv.o(.text) for __aeabi_ddiv
    distance.o(.text) refers to sin.o(i.sin) for sin
    distance.o(.text) refers to pow.o(i.pow) for pow
    distance.o(.text) refers to cos.o(i.cos) for cos
    distance.o(.text) refers to sqrt.o(i.sqrt) for sqrt
    distance.o(.text) refers to asin.o(i.asin) for asin
    lcd_cmd_data.o(.text) refers to delay.o(.text) for SysTick_Wait_1ms
    lcd_tracking.o(.text) refers to delay.o(.text) for SysTick_Wait_1ms
    lcd_tracking.o(.text) refers to lcd_cmd_data.o(.text) for LCD_Data
    asin.o(i.__softfp_asin) refers (Special) to iusefp.o(.text) for __I$use$fp
    asin.o(i.__softfp_asin) refers to asin.o(i.asin) for asin
    asin.o(i.asin) refers (Special) to iusefp.o(.text) for __I$use$fp
    asin.o(i.asin) refers to dscalb.o(.text) for __ARM_scalbn
    asin.o(i.asin) refers to dmul.o(.text) for __aeabi_dmul
    asin.o(i.asin) refers to dadd.o(.text) for __aeabi_dadd
    asin.o(i.asin) refers to errno.o(i.__set_errno) for __set_errno
    asin.o(i.asin) refers to ddiv.o(.text) for __aeabi_ddiv
    asin.o(i.asin) refers to fpclassify.o(i.__ARM_fpclassify) for __ARM_fpclassify
    asin.o(i.asin) refers to dunder.o(i.__mathlib_dbl_underflow) for __mathlib_dbl_underflow
    asin.o(i.asin) refers to poly.o(i.__kernel_poly) for __kernel_poly
    asin.o(i.asin) refers to sqrt.o(i.sqrt) for sqrt
    asin.o(i.asin) refers to asin.o(.constdata) for .constdata
    asin.o(.constdata) refers (Special) to iusefp.o(.text) for __I$use$fp
    asin_x.o(i.____softfp_asin$lsc) refers (Special) to iusefp.o(.text) for __I$use$fp
    asin_x.o(i.____softfp_asin$lsc) refers to asin_x.o(i.__asin$lsc) for __asin$lsc
    asin_x.o(i.__asin$lsc) refers (Special) to iusefp.o(.text) for __I$use$fp
    asin_x.o(i.__asin$lsc) refers to dscalb.o(.text) for __ARM_scalbn
    asin_x.o(i.__asin$lsc) refers to dmul.o(.text) for __aeabi_dmul
    asin_x.o(i.__asin$lsc) refers to dadd.o(.text) for __aeabi_dadd
    asin_x.o(i.__asin$lsc) refers to errno.o(i.__set_errno) for __set_errno
    asin_x.o(i.__asin$lsc) refers to poly.o(i.__kernel_poly) for __kernel_poly
    asin_x.o(i.__asin$lsc) refers to ddiv.o(.text) for __aeabi_ddiv
    asin_x.o(i.__asin$lsc) refers to sqrt.o(i.sqrt) for sqrt
    asin_x.o(i.__asin$lsc) refers to asin_x.o(.constdata) for .constdata
    asin_x.o(.constdata) refers (Special) to iusefp.o(.text) for __I$use$fp
    atof.o(i.__softfp_atof) refers (Special) to iusefp.o(.text) for __I$use$fp
    atof.o(i.__softfp_atof) refers to errno.o(i.__read_errno) for __read_errno
    atof.o(i.__softfp_atof) refers to strtod.o(.text) for __strtod_int
    atof.o(i.__softfp_atof) refers to errno.o(i.__set_errno) for __set_errno
    atof.o(i.atof) refers (Special) to iusefp.o(.text) for __I$use$fp
    atof.o(i.atof) refers to errno.o(i.__read_errno) for __read_errno
    atof.o(i.atof) refers to strtod.o(.text) for __strtod_int
    atof.o(i.atof) refers to errno.o(i.__set_errno) for __set_errno
    cos.o(i.__softfp_cos) refers (Special) to iusefp.o(.text) for __I$use$fp
    cos.o(i.__softfp_cos) refers to cos.o(i.cos) for cos
    cos.o(i.cos) refers (Special) to iusefp.o(.text) for __I$use$fp
    cos.o(i.cos) refers to errno.o(i.__set_errno) for __set_errno
    cos.o(i.cos) refers to ddiv.o(.text) for __aeabi_ddiv
    cos.o(i.cos) refers to dscalb.o(.text) for __ARM_scalbn
    cos.o(i.cos) refers to rred.o(i.__ieee754_rem_pio2) for __ieee754_rem_pio2
    cos.o(i.cos) refers to sin_i.o(i.__kernel_sin) for __kernel_sin
    cos.o(i.cos) refers to cos_i.o(i.__kernel_cos) for __kernel_cos
    cos_x.o(i.____softfp_cos$lsc) refers (Special) to iusefp.o(.text) for __I$use$fp
    cos_x.o(i.____softfp_cos$lsc) refers to cos_x.o(i.__cos$lsc) for __cos$lsc
    cos_x.o(i.__cos$lsc) refers (Special) to iusefp.o(.text) for __I$use$fp
    cos_x.o(i.__cos$lsc) refers to errno.o(i.__set_errno) for __set_errno
    cos_x.o(i.__cos$lsc) refers to dscalb.o(.text) for __ARM_scalbn
    cos_x.o(i.__cos$lsc) refers to rred.o(i.__ieee754_rem_pio2) for __ieee754_rem_pio2
    cos_x.o(i.__cos$lsc) refers to sin_i.o(i.__kernel_sin) for __kernel_sin
    cos_x.o(i.__cos$lsc) refers to cos_i.o(i.__kernel_cos) for __kernel_cos
    pow.o(i.__softfp_pow) refers (Special) to iusefp.o(.text) for __I$use$fp
    pow.o(i.__softfp_pow) refers to pow.o(i.pow) for pow
    pow.o(i.pow) refers (Special) to iusefp.o(.text) for __I$use$fp
    pow.o(i.pow) refers to dadd.o(.text) for __aeabi_dadd
    pow.o(i.pow) refers to errno.o(i.__set_errno) for __set_errno
    pow.o(i.pow) refers to ddiv.o(.text) for __aeabi_ddiv
    pow.o(i.pow) refers to sqrt.o(i.sqrt) for sqrt
    pow.o(i.pow) refers to dmul.o(.text) for __aeabi_dmul
    pow.o(i.pow) refers to dscalb.o(.text) for __ARM_scalbn
    pow.o(i.pow) refers to dunder.o(i.__mathlib_dbl_underflow) for __mathlib_dbl_underflow
    pow.o(i.pow) refers to qnan.o(.constdata) for __mathlib_zero
    pow.o(i.pow) refers to poly.o(i.__kernel_poly) for __kernel_poly
    pow.o(i.pow) refers to dflti.o(.text) for __aeabi_i2d
    pow.o(i.pow) refers to cdrcmple.o(.text) for __aeabi_cdrcmple
    pow.o(i.pow) refers to pow.o(.constdata) for .constdata
    pow.o(i.pow) refers to fpclassify.o(i.__ARM_fpclassify) for __ARM_fpclassify
    pow.o(.constdata) refers (Special) to iusefp.o(.text) for __I$use$fp
    pow_x.o(i.____softfp_pow$lsc) refers (Special) to iusefp.o(.text) for __I$use$fp
    pow_x.o(i.____softfp_pow$lsc) refers to pow_x.o(i.__pow$lsc) for __pow$lsc
    pow_x.o(i.__pow$lsc) refers (Special) to iusefp.o(.text) for __I$use$fp
    pow_x.o(i.__pow$lsc) refers to dadd.o(.text) for __aeabi_dadd
    pow_x.o(i.__pow$lsc) refers to errno.o(i.__set_errno) for __set_errno
    pow_x.o(i.__pow$lsc) refers to ddiv.o(.text) for __aeabi_ddiv
    pow_x.o(i.__pow$lsc) refers to sqrt.o(i.sqrt) for sqrt
    pow_x.o(i.__pow$lsc) refers to dmul.o(.text) for __aeabi_dmul
    pow_x.o(i.__pow$lsc) refers to dflti.o(.text) for __aeabi_i2d
    pow_x.o(i.__pow$lsc) refers to dscalb.o(.text) for __ARM_scalbn
    pow_x.o(i.__pow$lsc) refers to qnan.o(.constdata) for __mathlib_zero
    pow_x.o(i.__pow$lsc) refers to pow_x.o(.constdata) for .constdata
    pow_x.o(i.__pow$lsc) refers to poly.o(i.__kernel_poly) for __kernel_poly
    pow_x.o(i.__pow$lsc) refers to cdrcmple.o(.text) for __aeabi_cdrcmple
    pow_x.o(.constdata) refers (Special) to iusefp.o(.text) for __I$use$fp
    sin.o(i.__softfp_sin) refers (Special) to iusefp.o(.text) for __I$use$fp
    sin.o(i.__softfp_sin) refers to sin.o(i.sin) for sin
    sin.o(i.sin) refers (Special) to iusefp.o(.text) for __I$use$fp
    sin.o(i.sin) refers to errno.o(i.__set_errno) for __set_errno
    sin.o(i.sin) refers to ddiv.o(.text) for __aeabi_ddiv
    sin.o(i.sin) refers to dscalb.o(.text) for __ARM_scalbn
    sin.o(i.sin) refers to rred.o(i.__ieee754_rem_pio2) for __ieee754_rem_pio2
    sin.o(i.sin) refers to cos_i.o(i.__kernel_cos) for __kernel_cos
    sin.o(i.sin) refers to sin_i.o(i.__kernel_sin) for __kernel_sin
    sin_x.o(i.____softfp_sin$lsc) refers (Special) to iusefp.o(.text) for __I$use$fp
    sin_x.o(i.____softfp_sin$lsc) refers to sin_x.o(i.__sin$lsc) for __sin$lsc
    sin_x.o(i.__sin$lsc) refers (Special) to iusefp.o(.text) for __I$use$fp
    sin_x.o(i.__sin$lsc) refers to errno.o(i.__set_errno) for __set_errno
    sin_x.o(i.__sin$lsc) refers to dscalb.o(.text) for __ARM_scalbn
    sin_x.o(i.__sin$lsc) refers to rred.o(i.__ieee754_rem_pio2) for __ieee754_rem_pio2
    sin_x.o(i.__sin$lsc) refers to cos_i.o(i.__kernel_cos) for __kernel_cos
    sin_x.o(i.__sin$lsc) refers to sin_i.o(i.__kernel_sin) for __kernel_sin
    sqrt.o(i.__softfp_sqrt) refers (Special) to iusefp.o(.text) for __I$use$fp
    sqrt.o(i.__softfp_sqrt) refers to dsqrt.o(.text) for _dsqrt
    sqrt.o(i.__softfp_sqrt) refers to errno.o(i.__set_errno) for __set_errno
    sqrt.o(i.sqrt) refers (Special) to iusefp.o(.text) for __I$use$fp
    sqrt.o(i.sqrt) refers to dsqrt.o(.text) for _dsqrt
    sqrt.o(i.sqrt) refers to errno.o(i.__set_errno) for __set_errno
    sqrt_x.o(i.____softfp_sqrt$lsc) refers (Special) to iusefp.o(.text) for __I$use$fp
    sqrt_x.o(i.____softfp_sqrt$lsc) refers to cdcmple.o(.text) for __aeabi_cdcmple
    sqrt_x.o(i.____softfp_sqrt$lsc) refers to errno.o(i.__set_errno) for __set_errno
    sqrt_x.o(i.____softfp_sqrt$lsc) refers to dsqrt.o(.text) for _dsqrt
    sqrt_x.o(i.__sqrt$lsc) refers (Special) to iusefp.o(.text) for __I$use$fp
    sqrt_x.o(i.__sqrt$lsc) refers to cdcmple.o(.text) for __aeabi_cdcmple
    sqrt_x.o(i.__sqrt$lsc) refers to errno.o(i.__set_errno) for __set_errno
    sqrt_x.o(i.__sqrt$lsc) refers to dsqrt.o(.text) for _dsqrt
    entry.o(.ARM.Collect$$$$00000000) refers (Special) to entry10a.o(.ARM.Collect$$$$0000000D) for __rt_final_cpp
    entry.o(.ARM.Collect$$$$00000000) refers (Special) to entry11a.o(.ARM.Collect$$$$0000000F) for __rt_final_exit
    entry.o(.ARM.Collect$$$$00000000) refers (Special) to entry7b.o(.ARM.Collect$$$$00000008) for _main_clock
    entry.o(.ARM.Collect$$$$00000000) refers (Special) to entry8b.o(.ARM.Collect$$$$0000000A) for _main_cpp_init
    entry.o(.ARM.Collect$$$$00000000) refers (Special) to entry9a.o(.ARM.Collect$$$$0000000B) for _main_init
    entry.o(.ARM.Collect$$$$00000000) refers (Special) to entry5.o(.ARM.Collect$$$$00000004) for _main_scatterload
    entry.o(.ARM.Collect$$$$00000000) refers (Special) to entry2.o(.ARM.Collect$$$$00000001) for _main_stk
    strtok.o(.text) refers to strtok.o(.data) for .data
    strtok_r.o(.text) refers to strtok_r.o(.data) for .data
    fadd.o(.text) refers (Special) to iusefp.o(.text) for __I$use$fp
    fadd.o(.text) refers to fepilogue.o(.text) for _float_epilogue
    fdiv.o(.text) refers (Special) to iusefp.o(.text) for __I$use$fp
    fdiv.o(.text) refers to fepilogue.o(.text) for _float_round
    dadd.o(.text) refers (Special) to iusefp.o(.text) for __I$use$fp
    dadd.o(.text) refers to llshl.o(.text) for __aeabi_llsl
    dadd.o(.text) refers to llsshr.o(.text) for __aeabi_lasr
    dadd.o(.text) refers to depilogue.o(.text) for _double_epilogue
    dmul.o(.text) refers (Special) to iusefp.o(.text) for __I$use$fp
    dmul.o(.text) refers to depilogue.o(.text) for _double_epilogue
    ddiv.o(.text) refers (Special) to iusefp.o(.text) for __I$use$fp
    ddiv.o(.text) refers to depilogue.o(.text) for _double_round
    ffltui.o(.text) refers (Special) to iusefp.o(.text) for __I$use$fp
    ffltui.o(.text) refers to fepilogue.o(.text) for _float_epilogue
    ffixui.o(.text) refers (Special) to iusefp.o(.text) for __I$use$fp
    d2f.o(.text) refers (Special) to iusefp.o(.text) for __I$use$fp
    d2f.o(.text) refers to fepilogue.o(.text) for _float_round
    cos_i.o(i.__kernel_cos) refers (Special) to iusefp.o(.text) for __I$use$fp
    cos_i.o(i.__kernel_cos) refers to dfixi.o(.text) for __aeabi_d2iz
    cos_i.o(i.__kernel_cos) refers to dmul.o(.text) for __aeabi_dmul
    cos_i.o(i.__kernel_cos) refers to poly.o(i.__kernel_poly) for __kernel_poly
    cos_i.o(i.__kernel_cos) refers to dadd.o(.text) for __aeabi_dsub
    cos_i.o(i.__kernel_cos) refers to dscalb.o(.text) for __ARM_scalbn
    cos_i.o(i.__kernel_cos) refers to cos_i.o(.constdata) for .constdata
    cos_i.o(.constdata) refers (Special) to iusefp.o(.text) for __I$use$fp
    dunder.o(i.__mathlib_dbl_underflow) refers to dscalb.o(.text) for __ARM_scalbn
    fpclassify.o(i.__ARM_fpclassify) refers (Special) to iusefp.o(.text) for __I$use$fp
    poly.o(i.__kernel_poly) refers (Special) to iusefp.o(.text) for __I$use$fp
    poly.o(i.__kernel_poly) refers to dmul.o(.text) for __aeabi_dmul
    poly.o(i.__kernel_poly) refers to dadd.o(.text) for __aeabi_dadd
    qnan.o(.constdata) refers (Special) to iusefp.o(.text) for __I$use$fp
    rred.o(i.__ieee754_rem_pio2) refers (Special) to iusefp.o(.text) for __I$use$fp
    rred.o(i.__ieee754_rem_pio2) refers to dadd.o(.text) for __aeabi_dsub
    rred.o(i.__ieee754_rem_pio2) refers to dmul.o(.text) for __aeabi_dmul
    rred.o(i.__ieee754_rem_pio2) refers to dfixi.o(.text) for __aeabi_d2iz
    rred.o(i.__ieee754_rem_pio2) refers to dflti.o(.text) for __aeabi_i2d
    rred.o(i.__ieee754_rem_pio2) refers to dfltui.o(.text) for __aeabi_ui2d
    rred.o(i.__ieee754_rem_pio2) refers to dscalb.o(.text) for __ARM_scalbn
    rred.o(i.__ieee754_rem_pio2) refers to rred.o(.constdata) for .constdata
    rred.o(i.__use_accurate_range_reduction) refers (Special) to iusefp.o(.text) for __I$use$fp
    rred.o(.constdata) refers (Special) to iusefp.o(.text) for __I$use$fp
    sin_i.o(i.__kernel_sin) refers (Special) to iusefp.o(.text) for __I$use$fp
    sin_i.o(i.__kernel_sin) refers to fpclassify.o(i.__ARM_fpclassify) for __ARM_fpclassify
    sin_i.o(i.__kernel_sin) refers to dunder.o(i.__mathlib_dbl_underflow) for __mathlib_dbl_underflow
    sin_i.o(i.__kernel_sin) refers to dmul.o(.text) for __aeabi_dmul
    sin_i.o(i.__kernel_sin) refers to poly.o(i.__kernel_poly) for __kernel_poly
    sin_i.o(i.__kernel_sin) refers to dscalb.o(.text) for __ARM_scalbn
    sin_i.o(i.__kernel_sin) refers to dadd.o(.text) for __aeabi_dsub
    sin_i.o(i.__kernel_sin) refers to sin_i.o(.constdata) for .constdata
    sin_i.o(.constdata) refers (Special) to iusefp.o(.text) for __I$use$fp
    sin_i_x.o(i.____kernel_sin$lsc) refers (Special) to iusefp.o(.text) for __I$use$fp
    sin_i_x.o(i.____kernel_sin$lsc) refers to dmul.o(.text) for __aeabi_dmul
    sin_i_x.o(i.____kernel_sin$lsc) refers to poly.o(i.__kernel_poly) for __kernel_poly
    sin_i_x.o(i.____kernel_sin$lsc) refers to dscalb.o(.text) for __ARM_scalbn
    sin_i_x.o(i.____kernel_sin$lsc) refers to dadd.o(.text) for __aeabi_dsub
    sin_i_x.o(i.____kernel_sin$lsc) refers to sin_i_x.o(.constdata) for .constdata
    sin_i_x.o(.constdata) refers (Special) to iusefp.o(.text) for __I$use$fp
    entry2.o(.ARM.Collect$$$$00000001) refers to entry2.o(.ARM.Collect$$$$00002712) for __lit__00000000
    entry2.o(.ARM.Collect$$$$00002712) refers to startup_tm4c123.o(STACK) for __initial_sp
    entry2.o(__vectab_stack_and_reset_area) refers to startup_tm4c123.o(STACK) for __initial_sp
    entry2.o(__vectab_stack_and_reset_area) refers to entry.o(.ARM.Collect$$$$00000000) for __main
    entry5.o(.ARM.Collect$$$$00000004) refers to init.o(.text) for __scatterload
    entry9a.o(.ARM.Collect$$$$0000000B) refers to phase1.o(.text) for main
    entry9b.o(.ARM.Collect$$$$0000000C) refers to phase1.o(.text) for main
    errno.o(i.__aeabi_errno_addr) refers to errno.o(.data) for .data
    errno.o(i.__read_errno) refers to errno.o(.data) for .data
    errno.o(i.__set_errno) refers to errno.o(.data) for .data
    strtod.o(.text) refers to scanf_fp.o(.text) for _scanf_real
    strtod.o(.text) refers to _sgetc.o(.text) for _sgetc
    strtod.o(.text) refers to isspace_c.o(.text) for isspace
    depilogue.o(.text) refers to llshl.o(.text) for __aeabi_llsl
    depilogue.o(.text) refers to llushr.o(.text) for __aeabi_llsr
    dsqrt.o(.text) refers to llushr.o(.text) for __aeabi_llsr
    dsqrt.o(.text) refers to depilogue.o(.text) for _double_round
    dflti.o(.text) refers to depilogue.o(.text) for _double_epilogue
    init.o(.text) refers to entry5.o(.ARM.Collect$$$$00000004) for __main_after_scatterload
    isspace_c.o(.text) refers to ctype_c.o(.text) for __ctype_lookup
    scanf_fp.o(.text) refers (Special) to iusefp.o(.text) for __I$use$fp
    scanf_fp.o(.text) refers to dfltul.o(.text) for __aeabi_ul2d
    scanf_fp.o(.text) refers to dmul.o(.text) for __aeabi_dmul
    scanf_fp.o(.text) refers to ddiv.o(.text) for __aeabi_ddiv
    scanf_fp.o(.text) refers to scanf_fp.o(i._is_digit) for _is_digit
    scanf_fp.o(.text) refers to d2f.o(.text) for __aeabi_d2f
    dfltui.o(.text) refers to depilogue.o(.text) for _double_epilogue
    dfixi.o(.text) refers to llushr.o(.text) for __aeabi_llsr
    ctype_c.o(.text) refers to ctype_c.o(.constdata) for .constdata
    dfltul.o(.text) refers to depilogue.o(.text) for _double_epilogue
    scanf_fp.o(i._is_digit) refers (Special) to iusefp.o(.text) for __I$use$fp


==============================================================================

Removing Unused input sections from the image.

    Removing startup_tm4c123.o(HEAP), (0 bytes).
    Removing distance.o(.text), (380 bytes).
    Removing lcd_tracking.o(.text), (90 bytes).
    Removing dadd.o(.text), (334 bytes).
    Removing dscalb.o(.text), (46 bytes).
    Removing dsqrt.o(.text), (162 bytes).
    Removing dflti.o(.text), (34 bytes).
    Removing cdcmple.o(.text), (40 bytes).
    Removing cdrcmple.o(.text), (40 bytes).
    Removing dfltui.o(.text), (26 bytes).
    Removing dfixi.o(.text), (62 bytes).

11 unused section(s) (total 1214 bytes) removed from the image.

==============================================================================

Image Symbol Table

    Local Symbols

    Symbol Name                              Value     Ov Type        Size  Object(Section)

    RESET                                    0x00000000   Section      620  startup_tm4c123.o(RESET)
    ../clib/microlib/ctype/ctype.c           0x00000000   Number         0  ctype_c.o ABSOLUTE
    ../clib/microlib/ctype/ctype.c           0x00000000   Number         0  isspace_c.o ABSOLUTE
    ../clib/microlib/errno.c                 0x00000000   Number         0  errno.o ABSOLUTE
    ../clib/microlib/init/entry.s            0x00000000   Number         0  entry.o ABSOLUTE
    ../clib/microlib/init/entry.s            0x00000000   Number         0  entry10a.o ABSOLUTE
    ../clib/microlib/init/entry.s            0x00000000   Number         0  entry10b.o ABSOLUTE
    ../clib/microlib/init/entry.s            0x00000000   Number         0  entry2.o ABSOLUTE
    ../clib/microlib/init/entry.s            0x00000000   Number         0  entry5.o ABSOLUTE
    ../clib/microlib/init/entry.s            0x00000000   Number         0  entry8a.o ABSOLUTE
    ../clib/microlib/init/entry.s            0x00000000   Number         0  entry7a.o ABSOLUTE
    ../clib/microlib/init/entry.s            0x00000000   Number         0  entry8b.o ABSOLUTE
    ../clib/microlib/init/entry.s            0x00000000   Number         0  entry7b.o ABSOLUTE
    ../clib/microlib/init/entry.s            0x00000000   Number         0  entry11b.o ABSOLUTE
    ../clib/microlib/init/entry.s            0x00000000   Number         0  entry9a.o ABSOLUTE
    ../clib/microlib/init/entry.s            0x00000000   Number         0  entry9b.o ABSOLUTE
    ../clib/microlib/init/entry.s            0x00000000   Number         0  entry11a.o ABSOLUTE
    ../clib/microlib/longlong.c              0x00000000   Number         0  llushr.o ABSOLUTE
    ../clib/microlib/longlong.c              0x00000000   Number         0  llshl.o ABSOLUTE
    ../clib/microlib/longlong.c              0x00000000   Number         0  llsshr.o ABSOLUTE
    ../clib/microlib/string/strcmp.c         0x00000000   Number         0  strcmp.o ABSOLUTE
    ../clib/microlib/string/strcpy.c         0x00000000   Number         0  strcpy.o ABSOLUTE
    ../clib/microlib/string/strtok.c         0x00000000   Number         0  strtok.o ABSOLUTE
    ../clib/microlib/string/strtok.c         0x00000000   Number         0  strtok_r.o ABSOLUTE
    ../clib/microlib/stubs.s                 0x00000000   Number         0  iusefp.o ABSOLUTE
    ../clib/scanf.c                          0x00000000   Number         0  scanf_fp.o ABSOLUTE
    ../clib/scanf.c                          0x00000000   Number         0  _sgetc.o ABSOLUTE
    ../clib/scanf.c                          0x00000000   Number         0  strtod.o ABSOLUTE
    ../fplib/microlib/d2f.c                  0x00000000   Number         0  d2f.o ABSOLUTE
    ../fplib/microlib/fpadd.c                0x00000000   Number         0  fadd.o ABSOLUTE
    ../fplib/microlib/fpadd.c                0x00000000   Number         0  dadd.o ABSOLUTE
    ../fplib/microlib/fpdiv.c                0x00000000   Number         0  ddiv.o ABSOLUTE
    ../fplib/microlib/fpdiv.c                0x00000000   Number         0  fdiv.o ABSOLUTE
    ../fplib/microlib/fpepilogue.c           0x00000000   Number         0  fepilogue.o ABSOLUTE
    ../fplib/microlib/fpepilogue.c           0x00000000   Number         0  depilogue.o ABSOLUTE
    ../fplib/microlib/fpfix.c                0x00000000   Number         0  ffixui.o ABSOLUTE
    ../fplib/microlib/fpfix.c                0x00000000   Number         0  dfixi.o ABSOLUTE
    ../fplib/microlib/fpflt.c                0x00000000   Number         0  ffltui.o ABSOLUTE
    ../fplib/microlib/fpflt.c                0x00000000   Number         0  dfltul.o ABSOLUTE
    ../fplib/microlib/fpflt.c                0x00000000   Number         0  dfltui.o ABSOLUTE
    ../fplib/microlib/fpflt.c                0x00000000   Number         0  dflti.o ABSOLUTE
    ../fplib/microlib/fpmul.c                0x00000000   Number         0  dmul.o ABSOLUTE
    ../fplib/microlib/fpscalb.c              0x00000000   Number         0  dscalb.o ABSOLUTE
    ../fplib/microlib/fpsqrt.c               0x00000000   Number         0  dsqrt.o ABSOLUTE
    ../mathlib/asin.c                        0x00000000   Number         0  asin.o ABSOLUTE
    ../mathlib/asin.c                        0x00000000   Number         0  asin_x.o ABSOLUTE
    ../mathlib/atof.c                        0x00000000   Number         0  atof.o ABSOLUTE
    ../mathlib/cos.c                         0x00000000   Number         0  cos_x.o ABSOLUTE
    ../mathlib/cos.c                         0x00000000   Number         0  cos.o ABSOLUTE
    ../mathlib/cos_i.c                       0x00000000   Number         0  cos_i.o ABSOLUTE
    ../mathlib/dunder.c                      0x00000000   Number         0  dunder.o ABSOLUTE
    ../mathlib/fpclassify.c                  0x00000000   Number         0  fpclassify.o ABSOLUTE
    ../mathlib/poly.c                        0x00000000   Number         0  poly.o ABSOLUTE
    ../mathlib/pow.c                         0x00000000   Number         0  pow.o ABSOLUTE
    ../mathlib/pow.c                         0x00000000   Number         0  pow_x.o ABSOLUTE
    ../mathlib/qnan.c                        0x00000000   Number         0  qnan.o ABSOLUTE
    ../mathlib/rred.c                        0x00000000   Number         0  rred.o ABSOLUTE
    ../mathlib/sin.c                         0x00000000   Number         0  sin.o ABSOLUTE
    ../mathlib/sin.c                         0x00000000   Number         0  sin_x.o ABSOLUTE
    ../mathlib/sin_i.c                       0x00000000   Number         0  sin_i_x.o ABSOLUTE
    ../mathlib/sin_i.c                       0x00000000   Number         0  sin_i.o ABSOLUTE
    ../mathlib/sqrt.c                        0x00000000   Number         0  sqrt_x.o ABSOLUTE
    ../mathlib/sqrt.c                        0x00000000   Number         0  sqrt.o ABSOLUTE
    UART.c                                   0x00000000   Number         0  uart.o ABSOLUTE
    cdcmple.s                                0x00000000   Number         0  cdcmple.o ABSOLUTE
    cdrcmple.s                               0x00000000   Number         0  cdrcmple.o ABSOLUTE
    dc.s                                     0x00000000   Number         0  dc.o ABSOLUTE
    delay.c                                  0x00000000   Number         0  delay.o ABSOLUTE
    distance.c                               0x00000000   Number         0  distance.o ABSOLUTE
    handlers.s                               0x00000000   Number         0  handlers.o ABSOLUTE
    init.s                                   0x00000000   Number         0  init.o ABSOLUTE
    lcd_cmd_data.c                           0x00000000   Number         0  lcd_cmd_data.o ABSOLUTE
    lcd_init.c                               0x00000000   Number         0  lcd_init.o ABSOLUTE
    lcd_tracking.c                           0x00000000   Number         0  lcd_tracking.o ABSOLUTE
    led.c                                    0x00000000   Number         0  led.o ABSOLUTE
    phase1.c                                 0x00000000   Number         0  phase1.o ABSOLUTE
    startup_TM4C123.s                        0x00000000   Number         0  startup_tm4c123.o ABSOLUTE
    .ARM.Collect$$$$00000000                 0x0000026c   Section        0  entry.o(.ARM.Collect$$$$00000000)
    .ARM.Collect$$$$00000001                 0x0000026c   Section        4  entry2.o(.ARM.Collect$$$$00000001)
    .ARM.Collect$$$$00000004                 0x00000270   Section        4  entry5.o(.ARM.Collect$$$$00000004)
    .ARM.Collect$$$$00000008                 0x00000274   Section        0  entry7b.o(.ARM.Collect$$$$00000008)
    .ARM.Collect$$$$0000000A                 0x00000274   Section        0  entry8b.o(.ARM.Collect$$$$0000000A)
    .ARM.Collect$$$$0000000B                 0x00000274   Section        8  entry9a.o(.ARM.Collect$$$$0000000B)
    .ARM.Collect$$$$0000000D                 0x0000027c   Section        0  entry10a.o(.ARM.Collect$$$$0000000D)
    .ARM.Collect$$$$0000000F                 0x0000027c   Section        0  entry11a.o(.ARM.Collect$$$$0000000F)
    .ARM.Collect$$$$00002712                 0x0000027c   Section        4  entry2.o(.ARM.Collect$$$$00002712)
    __lit__00000000                          0x0000027c   Data           4  entry2.o(.ARM.Collect$$$$00002712)
    .text                                    0x00000280   Section      252  startup_tm4c123.o(.text)
    .text                                    0x0000037c   Section        0  phase1.o(.text)
    .text                                    0x000005b8   Section        0  delay.o(.text)
    .text                                    0x00000610   Section        0  lcd_cmd_data.o(.text)
    .text                                    0x000006c4   Section        0  lcd_init.o(.text)
    .text                                    0x000007bc   Section        0  led.o(.text)
    .text                                    0x00000850   Section        0  uart.o(.text)
    .text                                    0x000009c0   Section        0  strcmp.o(.text)
    .text                                    0x000009dc   Section        0  strcpy.o(.text)
    .text                                    0x000009f0   Section        0  strtok.o(.text)
    .text                                    0x00000a34   Section        0  fadd.o(.text)
    .text                                    0x00000ae4   Section        0  fdiv.o(.text)
    .text                                    0x00000b64   Section        0  dmul.o(.text)
    .text                                    0x00000c48   Section        0  ddiv.o(.text)
    .text                                    0x00000d26   Section        0  ffltui.o(.text)
    .text                                    0x00000d30   Section        0  ffixui.o(.text)
    .text                                    0x00000d58   Section        0  d2f.o(.text)
    .text                                    0x00000d90   Section        0  llshl.o(.text)
    .text                                    0x00000db0   Section        0  strtod.o(.text)
    _local_sscanf                            0x00000db1   Thumb Code    54  strtod.o(.text)
    .text                                    0x00000e4c   Section        0  fepilogue.o(.text)
    .text                                    0x00000e4c   Section        0  iusefp.o(.text)
    .text                                    0x00000eb8   Section        0  depilogue.o(.text)
    .text                                    0x00000f78   Section       36  init.o(.text)
    .text                                    0x00000f9c   Section        0  llushr.o(.text)
    .text                                    0x00000fbc   Section        0  isspace_c.o(.text)
    .text                                    0x00000fc8   Section        0  scanf_fp.o(.text)
    _fp_value                                0x00000fc9   Thumb Code   256  scanf_fp.o(.text)
    .text                                    0x00001304   Section        0  _sgetc.o(.text)
    .text                                    0x00001344   Section        0  ctype_c.o(.text)
    .text                                    0x0000136c   Section        0  dfltul.o(.text)
    i.__read_errno                           0x00001384   Section        0  errno.o(i.__read_errno)
    i.__scatterload_copy                     0x00001390   Section       14  handlers.o(i.__scatterload_copy)
    i.__scatterload_null                     0x0000139e   Section        2  handlers.o(i.__scatterload_null)
    i.__scatterload_zeroinit                 0x000013a0   Section       14  handlers.o(i.__scatterload_zeroinit)
    i.__set_errno                            0x000013b0   Section        0  errno.o(i.__set_errno)
    i._is_digit                              0x000013bc   Section        0  scanf_fp.o(i._is_digit)
    i.atof                                   0x000013ca   Section        0  atof.o(i.atof)
    .constdata                               0x000013f4   Section       64  ctype_c.o(.constdata)
    .data                                    0x20000000   Section        2  phase1.o(.data)
    .data                                    0x20000004   Section        4  strtok.o(.data)
    state                                    0x20000004   Data           4  strtok.o(.data)
    .data                                    0x20000008   Section        4  errno.o(.data)
    _errno                                   0x20000008   Data           4  errno.o(.data)
    .bss                                     0x2000000c   Section     1600  phase1.o(.bss)
    STACK                                    0x20000650   Section      512  startup_tm4c123.o(STACK)

    Global Symbols

    Symbol Name                              Value     Ov Type        Size  Object(Section)

    BuildAttributes$$THM_ISAv4$E$P$D$K$B$S$7EM$PE$A:L22UL41UL21$X:L11$S22US41US21$IEEE1$IW$USESV6$~STKCKD$USESV7$~SHL$OTIME$ROPI$IEEEX$EBA8$MICROLIB$REQ8$PRES8$EABIv2 0x00000000   Number         0  anon$$obj.o ABSOLUTE
    __ARM_use_no_argv                        0x00000000   Number         0  phase1.o ABSOLUTE
    __Vectors                                0x00000000   Data           4  startup_tm4c123.o(RESET)
    __cpp_initialize__aeabi_                  - Undefined Weak Reference
    __cxa_finalize                            - Undefined Weak Reference
    __decompress                              - Undefined Weak Reference
    _clock_init                               - Undefined Weak Reference
    _microlib_exit                            - Undefined Weak Reference
    __Vectors_End                            0x0000026c   Data           0  startup_tm4c123.o(RESET)
    __Vectors_Size                           0x0000026c   Number         0  startup_tm4c123.o ABSOLUTE
    __main                                   0x0000026d   Thumb Code     0  entry.o(.ARM.Collect$$$$00000000)
    _main_stk                                0x0000026d   Thumb Code     0  entry2.o(.ARM.Collect$$$$00000001)
    _main_scatterload                        0x00000271   Thumb Code     0  entry5.o(.ARM.Collect$$$$00000004)
    __main_after_scatterload                 0x00000275   Thumb Code     0  entry5.o(.ARM.Collect$$$$00000004)
    _main_clock                              0x00000275   Thumb Code     0  entry7b.o(.ARM.Collect$$$$00000008)
    _main_cpp_init                           0x00000275   Thumb Code     0  entry8b.o(.ARM.Collect$$$$0000000A)
    _main_init                               0x00000275   Thumb Code     0  entry9a.o(.ARM.Collect$$$$0000000B)
    __rt_final_cpp                           0x0000027d   Thumb Code     0  entry10a.o(.ARM.Collect$$$$0000000D)
    __rt_final_exit                          0x0000027d   Thumb Code     0  entry11a.o(.ARM.Collect$$$$0000000F)
    Reset_Handler                            0x00000281   Thumb Code     8  startup_tm4c123.o(.text)
    NMI_Handler                              0x00000289   Thumb Code     2  startup_tm4c123.o(.text)
    HardFault_Handler                        0x0000028b   Thumb Code     2  startup_tm4c123.o(.text)
    MemManage_Handler                        0x0000028d   Thumb Code     2  startup_tm4c123.o(.text)
    BusFault_Handler                         0x0000028f   Thumb Code     2  startup_tm4c123.o(.text)
    UsageFault_Handler                       0x00000291   Thumb Code     2  startup_tm4c123.o(.text)
    SVC_Handler                              0x00000293   Thumb Code     2  startup_tm4c123.o(.text)
    DebugMon_Handler                         0x00000295   Thumb Code     2  startup_tm4c123.o(.text)
    PendSV_Handler                           0x00000297   Thumb Code     2  startup_tm4c123.o(.text)
    SysTick_Handler                          0x00000299   Thumb Code     2  startup_tm4c123.o(.text)
    GPIOA_Handler                            0x0000029b   Thumb Code     2  startup_tm4c123.o(.text)
    GPIOB_Handler                            0x0000029d   Thumb Code     2  startup_tm4c123.o(.text)
    GPIOC_Handler                            0x0000029f   Thumb Code     2  startup_tm4c123.o(.text)
    GPIOD_Handler                            0x000002a1   Thumb Code     2  startup_tm4c123.o(.text)
    GPIOE_Handler                            0x000002a3   Thumb Code     2  startup_tm4c123.o(.text)
    UART0_Handler                            0x000002a5   Thumb Code     2  startup_tm4c123.o(.text)
    UART1_Handler                            0x000002a7   Thumb Code     2  startup_tm4c123.o(.text)
    SSI0_Handler                             0x000002a9   Thumb Code     2  startup_tm4c123.o(.text)
    I2C0_Handler                             0x000002ab   Thumb Code     2  startup_tm4c123.o(.text)
    PMW0_FAULT_Handler                       0x000002ad   Thumb Code     2  startup_tm4c123.o(.text)
    PWM0_0_Handler                           0x000002af   Thumb Code     2  startup_tm4c123.o(.text)
    PWM0_1_Handler                           0x000002b1   Thumb Code     2  startup_tm4c123.o(.text)
    PWM0_2_Handler                           0x000002b3   Thumb Code     2  startup_tm4c123.o(.text)
    QEI0_Handler                             0x000002b5   Thumb Code     2  startup_tm4c123.o(.text)
    ADC0SS0_Handler                          0x000002b7   Thumb Code     2  startup_tm4c123.o(.text)
    ADC0SS1_Handler                          0x000002b9   Thumb Code     2  startup_tm4c123.o(.text)
    ADC0SS2_Handler                          0x000002bb   Thumb Code     2  startup_tm4c123.o(.text)
    ADC0SS3_Handler                          0x000002bd   Thumb Code     2  startup_tm4c123.o(.text)
    WDT0_Handler                             0x000002bf   Thumb Code     2  startup_tm4c123.o(.text)
    TIMER0A_Handler                          0x000002c1   Thumb Code     2  startup_tm4c123.o(.text)
    TIMER0B_Handler                          0x000002c3   Thumb Code     2  startup_tm4c123.o(.text)
    TIMER1A_Handler                          0x000002c5   Thumb Code     2  startup_tm4c123.o(.text)
    TIMER1B_Handler                          0x000002c7   Thumb Code     2  startup_tm4c123.o(.text)
    TIMER2A_Handler                          0x000002c9   Thumb Code     2  startup_tm4c123.o(.text)
    TIMER2B_Handler                          0x000002cb   Thumb Code     2  startup_tm4c123.o(.text)
    COMP0_Handler                            0x000002cd   Thumb Code     2  startup_tm4c123.o(.text)
    COMP1_Handler                            0x000002cf   Thumb Code     2  startup_tm4c123.o(.text)
    COMP2_Handler                            0x000002d1   Thumb Code     2  startup_tm4c123.o(.text)
    SYSCTL_Handler                           0x000002d3   Thumb Code     2  startup_tm4c123.o(.text)
    FLASH_Handler                            0x000002d5   Thumb Code     2  startup_tm4c123.o(.text)
    GPIOF_Handler                            0x000002d7   Thumb Code     2  startup_tm4c123.o(.text)
    GPIOG_Handler                            0x000002d9   Thumb Code     2  startup_tm4c123.o(.text)
    GPIOH_Handler                            0x000002db   Thumb Code     2  startup_tm4c123.o(.text)
    UART2_Handler                            0x000002dd   Thumb Code     2  startup_tm4c123.o(.text)
    SSI1_Handler                             0x000002df   Thumb Code     2  startup_tm4c123.o(.text)
    TIMER3A_Handler                          0x000002e1   Thumb Code     2  startup_tm4c123.o(.text)
    TIMER3B_Handler                          0x000002e3   Thumb Code     2  startup_tm4c123.o(.text)
    I2C1_Handler                             0x000002e5   Thumb Code     2  startup_tm4c123.o(.text)
    QEI1_Handler                             0x000002e7   Thumb Code     2  startup_tm4c123.o(.text)
    CAN0_Handler                             0x000002e9   Thumb Code     2  startup_tm4c123.o(.text)
    CAN1_Handler                             0x000002eb   Thumb Code     2  startup_tm4c123.o(.text)
    CAN2_Handler                             0x000002ed   Thumb Code     2  startup_tm4c123.o(.text)
    HIB_Handler                              0x000002ef   Thumb Code     2  startup_tm4c123.o(.text)
    USB0_Handler                             0x000002f1   Thumb Code     2  startup_tm4c123.o(.text)
    PWM0_3_Handler                           0x000002f3   Thumb Code     2  startup_tm4c123.o(.text)
    UDMA_Handler                             0x000002f5   Thumb Code     2  startup_tm4c123.o(.text)
    UDMAERR_Handler                          0x000002f7   Thumb Code     2  startup_tm4c123.o(.text)
    ADC1SS0_Handler                          0x000002f9   Thumb Code     2  startup_tm4c123.o(.text)
    ADC1SS1_Handler                          0x000002fb   Thumb Code     2  startup_tm4c123.o(.text)
    ADC1SS2_Handler                          0x000002fd   Thumb Code     2  startup_tm4c123.o(.text)
    ADC1SS3_Handler                          0x000002ff   Thumb Code     2  startup_tm4c123.o(.text)
    GPIOJ_Handler                            0x00000301   Thumb Code     2  startup_tm4c123.o(.text)
    GPIOK_Handler                            0x00000303   Thumb Code     2  startup_tm4c123.o(.text)
    GPIOL_Handler                            0x00000305   Thumb Code     2  startup_tm4c123.o(.text)
    SSI2_Handler                             0x00000307   Thumb Code     2  startup_tm4c123.o(.text)
    SSI3_Handler                             0x00000309   Thumb Code     2  startup_tm4c123.o(.text)
    UART3_Handler                            0x0000030b   Thumb Code     2  startup_tm4c123.o(.text)
    UART4_Handler                            0x0000030d   Thumb Code     2  startup_tm4c123.o(.text)
    UART5_Handler                            0x0000030f   Thumb Code     2  startup_tm4c123.o(.text)
    UART6_Handler                            0x00000311   Thumb Code     2  startup_tm4c123.o(.text)
    UART7_Handler                            0x00000313   Thumb Code     2  startup_tm4c123.o(.text)
    I2C2_Handler                             0x00000315   Thumb Code     2  startup_tm4c123.o(.text)
    I2C3_Handler                             0x00000317   Thumb Code     2  startup_tm4c123.o(.text)
    TIMER4A_Handler                          0x00000319   Thumb Code     2  startup_tm4c123.o(.text)
    TIMER4B_Handler                          0x0000031b   Thumb Code     2  startup_tm4c123.o(.text)
    TIMER5A_Handler                          0x0000031d   Thumb Code     2  startup_tm4c123.o(.text)
    TIMER5B_Handler                          0x0000031f   Thumb Code     2  startup_tm4c123.o(.text)
    WTIMER0A_Handler                         0x00000321   Thumb Code     2  startup_tm4c123.o(.text)
    WTIMER0B_Handler                         0x00000323   Thumb Code     2  startup_tm4c123.o(.text)
    WTIMER1A_Handler                         0x00000325   Thumb Code     2  startup_tm4c123.o(.text)
    WTIMER1B_Handler                         0x00000327   Thumb Code     2  startup_tm4c123.o(.text)
    WTIMER2A_Handler                         0x00000329   Thumb Code     2  startup_tm4c123.o(.text)
    WTIMER2B_Handler                         0x0000032b   Thumb Code     2  startup_tm4c123.o(.text)
    WTIMER3A_Handler                         0x0000032d   Thumb Code     2  startup_tm4c123.o(.text)
    WTIMER3B_Handler                         0x0000032f   Thumb Code     2  startup_tm4c123.o(.text)
    WTIMER4A_Handler                         0x00000331   Thumb Code     2  startup_tm4c123.o(.text)
    WTIMER4B_Handler                         0x00000333   Thumb Code     2  startup_tm4c123.o(.text)
    WTIMER5A_Handler                         0x00000335   Thumb Code     2  startup_tm4c123.o(.text)
    WTIMER5B_Handler                         0x00000337   Thumb Code     2  startup_tm4c123.o(.text)
    FPU_Handler                              0x00000339   Thumb Code     2  startup_tm4c123.o(.text)
    I2C4_Handler                             0x0000033b   Thumb Code     2  startup_tm4c123.o(.text)
    I2C5_Handler                             0x0000033d   Thumb Code     2  startup_tm4c123.o(.text)
    GPIOM_Handler                            0x0000033f   Thumb Code     2  startup_tm4c123.o(.text)
    GPION_Handler                            0x00000341   Thumb Code     2  startup_tm4c123.o(.text)
    QEI2_Handler                             0x00000343   Thumb Code     2  startup_tm4c123.o(.text)
    GPIOP0_Handler                           0x00000345   Thumb Code     2  startup_tm4c123.o(.text)
    GPIOP1_Handler                           0x00000347   Thumb Code     2  startup_tm4c123.o(.text)
    GPIOP2_Handler                           0x00000349   Thumb Code     2  startup_tm4c123.o(.text)
    GPIOP3_Handler                           0x0000034b   Thumb Code     2  startup_tm4c123.o(.text)
    GPIOP4_Handler                           0x0000034d   Thumb Code     2  startup_tm4c123.o(.text)
    GPIOP5_Handler                           0x0000034f   Thumb Code     2  startup_tm4c123.o(.text)
    GPIOP6_Handler                           0x00000351   Thumb Code     2  startup_tm4c123.o(.text)
    GPIOP7_Handler                           0x00000353   Thumb Code     2  startup_tm4c123.o(.text)
    GPIOQ0_Handler                           0x00000355   Thumb Code     2  startup_tm4c123.o(.text)
    GPIOQ1_Handler                           0x00000357   Thumb Code     2  startup_tm4c123.o(.text)
    GPIOQ2_Handler                           0x00000359   Thumb Code     2  startup_tm4c123.o(.text)
    GPIOQ3_Handler                           0x0000035b   Thumb Code     2  startup_tm4c123.o(.text)
    GPIOQ4_Handler                           0x0000035d   Thumb Code     2  startup_tm4c123.o(.text)
    GPIOQ5_Handler                           0x0000035f   Thumb Code     2  startup_tm4c123.o(.text)
    GPIOQ6_Handler                           0x00000361   Thumb Code     2  startup_tm4c123.o(.text)
    GPIOQ7_Handler                           0x00000363   Thumb Code     2  startup_tm4c123.o(.text)
    GPIOR_Handler                            0x00000365   Thumb Code     2  startup_tm4c123.o(.text)
    GPIOS_Handler                            0x00000367   Thumb Code     2  startup_tm4c123.o(.text)
    PMW1_0_Handler                           0x00000369   Thumb Code     2  startup_tm4c123.o(.text)
    PWM1_1_Handler                           0x0000036b   Thumb Code     2  startup_tm4c123.o(.text)
    PWM1_2_Handler                           0x0000036d   Thumb Code     2  startup_tm4c123.o(.text)
    PWM1_3_Handler                           0x0000036f   Thumb Code     2  startup_tm4c123.o(.text)
    PWM1_FAULT_Handler                       0x00000371   Thumb Code     2  startup_tm4c123.o(.text)
    SystemInit                               0x0000037d   Thumb Code    14  phase1.o(.text)
    read_char                                0x0000038b   Thumb Code    12  phase1.o(.text)
    print_char                               0x00000397   Thumb Code    12  phase1.o(.text)
    print_string                             0x000003a3   Thumb Code    22  phase1.o(.text)
    read_coords                              0x000003b9   Thumb Code   416  phase1.o(.text)
    main                                     0x00000559   Thumb Code    66  phase1.o(.text)
    SysTick_Init                             0x000005b9   Thumb Code    24  delay.o(.text)
    SysTick_Wait                             0x000005d1   Thumb Code    36  delay.o(.text)
    SysTick_Wait_1ms                         0x000005f5   Thumb Code    22  delay.o(.text)
    LCD_Data                                 0x00000611   Thumb Code    90  lcd_cmd_data.o(.text)
    LCD_Cmd                                  0x0000066b   Thumb Code    82  lcd_cmd_data.o(.text)
    lcd_init                                 0x000006c5   Thumb Code   218  lcd_init.o(.text)
    portf_init                               0x000007bd   Thumb Code   100  led.o(.text)
    led_on                                   0x00000821   Thumb Code     8  led.o(.text)
    UART5_Init                               0x00000851   Thumb Code   112  uart.o(.text)
    UART5_Available                          0x000008c1   Thumb Code    20  uart.o(.text)
    UART5_Read                               0x000008d5   Thumb Code    20  uart.o(.text)
    UART5_Write                              0x000008e9   Thumb Code    18  uart.o(.text)
    UART0_Init                               0x000008fb   Thumb Code   112  uart.o(.text)
    UART0_Available                          0x0000096b   Thumb Code    20  uart.o(.text)
    UART0_Read                               0x0000097f   Thumb Code    20  uart.o(.text)
    UART0_Write                              0x00000993   Thumb Code    18  uart.o(.text)
    strcmp                                   0x000009c1   Thumb Code    28  strcmp.o(.text)
    strcpy                                   0x000009dd   Thumb Code    18  strcpy.o(.text)
    strtok                                   0x000009f1   Thumb Code    62  strtok.o(.text)
    __aeabi_fadd                             0x00000a35   Thumb Code   164  fadd.o(.text)
    __aeabi_fsub                             0x00000ad9   Thumb Code     6  fadd.o(.text)
    __aeabi_frsub                            0x00000adf   Thumb Code     6  fadd.o(.text)
    __aeabi_fdiv                             0x00000ae5   Thumb Code   128  fdiv.o(.text)
    __aeabi_dmul                             0x00000b65   Thumb Code   228  dmul.o(.text)
    __aeabi_ddiv                             0x00000c49   Thumb Code   222  ddiv.o(.text)
    __aeabi_ui2f                             0x00000d27   Thumb Code    10  ffltui.o(.text)
    __aeabi_f2uiz                            0x00000d31   Thumb Code    40  ffixui.o(.text)
    __aeabi_d2f                              0x00000d59   Thumb Code    56  d2f.o(.text)
    __aeabi_llsl                             0x00000d91   Thumb Code    30  llshl.o(.text)
    _ll_shift_l                              0x00000d91   Thumb Code     0  llshl.o(.text)
    __strtod_int                             0x00000de7   Thumb Code    88  strtod.o(.text)
    __I$use$fp                               0x00000e4d   Thumb Code     0  iusefp.o(.text)
    _float_round                             0x00000e4d   Thumb Code    18  fepilogue.o(.text)
    _float_epilogue                          0x00000e5f   Thumb Code    90  fepilogue.o(.text)
    _double_round                            0x00000eb9   Thumb Code    26  depilogue.o(.text)
    _double_epilogue                         0x00000ed3   Thumb Code   164  depilogue.o(.text)
    __scatterload                            0x00000f79   Thumb Code    28  init.o(.text)
    __scatterload_rt2                        0x00000f79   Thumb Code     0  init.o(.text)
    __aeabi_llsr                             0x00000f9d   Thumb Code    32  llushr.o(.text)
    _ll_ushift_r                             0x00000f9d   Thumb Code     0  llushr.o(.text)
    isspace                                  0x00000fbd   Thumb Code    10  isspace_c.o(.text)
    _scanf_real                              0x000010c9   Thumb Code     0  scanf_fp.o(.text)
    _scanf_really_real                       0x000010c9   Thumb Code   560  scanf_fp.o(.text)
    _sgetc                                   0x00001305   Thumb Code    30  _sgetc.o(.text)
    _sbackspace                              0x00001323   Thumb Code    34  _sgetc.o(.text)
    __ctype_lookup                           0x00001345   Thumb Code    34  ctype_c.o(.text)
    __aeabi_ul2d                             0x0000136d   Thumb Code    24  dfltul.o(.text)
    __read_errno                             0x00001385   Thumb Code     6  errno.o(i.__read_errno)
    __scatterload_copy                       0x00001391   Thumb Code    14  handlers.o(i.__scatterload_copy)
    __scatterload_null                       0x0000139f   Thumb Code     2  handlers.o(i.__scatterload_null)
    __scatterload_zeroinit                   0x000013a1   Thumb Code    14  handlers.o(i.__scatterload_zeroinit)
    __set_errno                              0x000013b1   Thumb Code     6  errno.o(i.__set_errno)
    _is_digit                                0x000013bd   Thumb Code    14  scanf_fp.o(i._is_digit)
    atof                                     0x000013cb   Thumb Code    42  atof.o(i.atof)
    __ctype_categories                       0x000013f4   Data          64  ctype_c.o(.constdata)
    Region$$Table$$Base                      0x00001434   Number         0  anon$$obj.o(Region$$Table)
    Region$$Table$$Limit                     0x00001454   Number         0  anon$$obj.o(Region$$Table)
    indx1                                    0x20000000   Data           2  phase1.o(.data)
    coords_obtained                          0x2000000c   Data        1600  phase1.o(.bss)
    __initial_sp                             0x20000850   Data           0  startup_tm4c123.o(STACK)



==============================================================================

Memory Map of the image

  Image Entry point : 0x00000281

  Load Region LR_1 (Base: 0x00000000, Size: 0x00001460, Max: 0xffffffff, ABSOLUTE)

    Execution Region ER_RO (Base: 0x00000000, Size: 0x00001454, Max: 0xffffffff, ABSOLUTE)

    Base Addr    Size         Type   Attr      Idx    E Section Name        Object

    0x00000000   0x0000026c   Data   RO            3    RESET               startup_tm4c123.o
    0x0000026c   0x00000000   Code   RO          206  * .ARM.Collect$$$$00000000  mc_w.l(entry.o)
    0x0000026c   0x00000004   Code   RO          256    .ARM.Collect$$$$00000001  mc_w.l(entry2.o)
    0x00000270   0x00000004   Code   RO          259    .ARM.Collect$$$$00000004  mc_w.l(entry5.o)
    0x00000274   0x00000000   Code   RO          261    .ARM.Collect$$$$00000008  mc_w.l(entry7b.o)
    0x00000274   0x00000000   Code   RO          263    .ARM.Collect$$$$0000000A  mc_w.l(entry8b.o)
    0x00000274   0x00000008   Code   RO          264    .ARM.Collect$$$$0000000B  mc_w.l(entry9a.o)
    0x0000027c   0x00000000   Code   RO          266    .ARM.Collect$$$$0000000D  mc_w.l(entry10a.o)
    0x0000027c   0x00000000   Code   RO          268    .ARM.Collect$$$$0000000F  mc_w.l(entry11a.o)
    0x0000027c   0x00000004   Code   RO          257    .ARM.Collect$$$$00002712  mc_w.l(entry2.o)
    0x00000280   0x000000fc   Code   RO            4  * .text               startup_tm4c123.o
    0x0000037c   0x0000023c   Code   RO           10    .text               phase1.o
    0x000005b8   0x00000058   Code   RO           86    .text               delay.o
    0x00000610   0x000000b4   Code   RO           98    .text               lcd_cmd_data.o
    0x000006c4   0x000000f8   Code   RO          110    .text               lcd_init.o
    0x000007bc   0x00000094   Code   RO          134    .text               led.o
    0x00000850   0x00000170   Code   RO          146    .text               uart.o
    0x000009c0   0x0000001c   Code   RO          209    .text               mc_w.l(strcmp.o)
    0x000009dc   0x00000012   Code   RO          211    .text               mc_w.l(strcpy.o)
    0x000009ee   0x00000002   PAD
    0x000009f0   0x00000044   Code   RO          213    .text               mc_w.l(strtok.o)
    0x00000a34   0x000000b0   Code   RO          219    .text               mf_w.l(fadd.o)
    0x00000ae4   0x00000080   Code   RO          221    .text               mf_w.l(fdiv.o)
    0x00000b64   0x000000e4   Code   RO          225    .text               mf_w.l(dmul.o)
    0x00000c48   0x000000de   Code   RO          227    .text               mf_w.l(ddiv.o)
    0x00000d26   0x0000000a   Code   RO          229    .text               mf_w.l(ffltui.o)
    0x00000d30   0x00000028   Code   RO          231    .text               mf_w.l(ffixui.o)
    0x00000d58   0x00000038   Code   RO          233    .text               mf_w.l(d2f.o)
    0x00000d90   0x0000001e   Code   RO          270    .text               mc_w.l(llshl.o)
    0x00000dae   0x00000002   PAD
    0x00000db0   0x0000009c   Code   RO          281    .text               mc_w.l(strtod.o)
    0x00000e4c   0x00000000   Code   RO          283    .text               mc_w.l(iusefp.o)
    0x00000e4c   0x0000006c   Code   RO          284    .text               mf_w.l(fepilogue.o)
    0x00000eb8   0x000000be   Code   RO          286    .text               mf_w.l(depilogue.o)
    0x00000f76   0x00000002   PAD
    0x00000f78   0x00000024   Code   RO          298    .text               mc_w.l(init.o)
    0x00000f9c   0x00000020   Code   RO          300    .text               mc_w.l(llushr.o)
    0x00000fbc   0x0000000a   Code   RO          302    .text               mc_w.l(isspace_c.o)
    0x00000fc6   0x00000002   PAD
    0x00000fc8   0x0000033c   Code   RO          304    .text               mc_w.l(scanf_fp.o)
    0x00001304   0x00000040   Code   RO          308    .text               mc_w.l(_sgetc.o)
    0x00001344   0x00000028   Code   RO          314    .text               mc_w.l(ctype_c.o)
    0x0000136c   0x00000018   Code   RO          317    .text               mf_w.l(dfltul.o)
    0x00001384   0x0000000c   Code   RO          275    i.__read_errno      mc_w.l(errno.o)
    0x00001390   0x0000000e   Code   RO          321    i.__scatterload_copy  mc_w.l(handlers.o)
    0x0000139e   0x00000002   Code   RO          322    i.__scatterload_null  mc_w.l(handlers.o)
    0x000013a0   0x0000000e   Code   RO          323    i.__scatterload_zeroinit  mc_w.l(handlers.o)
    0x000013ae   0x00000002   PAD
    0x000013b0   0x0000000c   Code   RO          276    i.__set_errno       mc_w.l(errno.o)
    0x000013bc   0x0000000e   Code   RO          306    i._is_digit         mc_w.l(scanf_fp.o)
    0x000013ca   0x0000002a   Code   RO          169    i.atof              m_ws.l(atof.o)
    0x000013f4   0x00000040   Data   RO          315    .constdata          mc_w.l(ctype_c.o)
    0x00001434   0x00000020   Data   RO          319    Region$$Table       anon$$obj.o


    Execution Region ER_RW (Base: 0x20000000, Size: 0x0000000c, Max: 0xffffffff, ABSOLUTE)

    Base Addr    Size         Type   Attr      Idx    E Section Name        Object

    0x20000000   0x00000002   Data   RW           12    .data               phase1.o
    0x20000002   0x00000002   PAD
    0x20000004   0x00000004   Data   RW          214    .data               mc_w.l(strtok.o)
    0x20000008   0x00000004   Data   RW          277    .data               mc_w.l(errno.o)


    Execution Region ER_ZI (Base: 0x2000000c, Size: 0x00000844, Max: 0xffffffff, ABSOLUTE)

    Base Addr    Size         Type   Attr      Idx    E Section Name        Object

    0x2000000c   0x00000640   Zero   RW           11    .bss                phase1.o
    0x2000064c   0x00000004   PAD
    0x20000650   0x00000200   Zero   RW            1    STACK               startup_tm4c123.o


==============================================================================

Image component sizes


      Code (inc. data)   RO Data    RW Data    ZI Data      Debug   Object Name

        88          6          0          0          0        829   delay.o
       180          8          0          0          0        595   lcd_cmd_data.o
       248         30          0          0          0        423   lcd_init.o
       148         40          0          0          0        560   led.o
       572         30          0          2       1600       7164   phase1.o
       252         10        620          0        512       5320   startup_tm4c123.o
       368         28          0          0          0       1434   uart.o

    ----------------------------------------------------------------------
      1856        152        652          4       2116      16325   Object Totals
         0          0         32          0          0          0   (incl. Generated)
         0          0          0          2          4          0   (incl. Padding)

    ----------------------------------------------------------------------

      Code (inc. data)   RO Data    RW Data    ZI Data      Debug   Library Member Name

        42          0          0          0          0         84   atof.o
        64          0          0          0          0         84   _sgetc.o
        40          6         64          0          0         68   ctype_c.o
         0          0          0          0          0          0   entry.o
         0          0          0          0          0          0   entry10a.o
         0          0          0          0          0          0   entry11a.o
         8          4          0          0          0          0   entry2.o
         4          0          0          0          0          0   entry5.o
         0          0          0          0          0          0   entry7b.o
         0          0          0          0          0          0   entry8b.o
         8          4          0          0          0          0   entry9a.o
        24         12          0          4          0        136   errno.o
        30          0          0          0          0          0   handlers.o
        36          8          0          0          0         68   init.o
        10          0          0          0          0         68   isspace_c.o
         0          0          0          0          0          0   iusefp.o
        30          0          0          0          0         68   llshl.o
        32          0          0          0          0         68   llushr.o
       842         12          0          0          0        216   scanf_fp.o
        28          0          0          0          0         76   strcmp.o
        18          0          0          0          0         68   strcpy.o
       156         14          0          0          0        120   strtod.o
        68          6          0          4          0         80   strtok.o
        56          0          0          0          0         88   d2f.o
       222          0          0          0          0        100   ddiv.o
       190          0          0          0          0        176   depilogue.o
        24          0          0          0          0         76   dfltul.o
       228          0          0          0          0         96   dmul.o
       176          0          0          0          0        140   fadd.o
       128          0          0          0          0         88   fdiv.o
       108          0          0          0          0        168   fepilogue.o
        40          0          0          0          0         68   ffixui.o
        10          0          0          0          0         68   ffltui.o

    ----------------------------------------------------------------------
      2632         66         64          8          0       2272   Library Totals
        10          0          0          0          0          0   (incl. Padding)

    ----------------------------------------------------------------------

      Code (inc. data)   RO Data    RW Data    ZI Data      Debug   Library Name

        42          0          0          0          0         84   m_ws.l
      1398         66         64          8          0       1120   mc_w.l
      1182          0          0          0          0       1068   mf_w.l

    ----------------------------------------------------------------------
      2632         66         64          8          0       2272   Library Totals

    ----------------------------------------------------------------------

==============================================================================


      Code (inc. data)   RO Data    RW Data    ZI Data      Debug   

      4488        218        716         12       2116      17089   Grand Totals
      4488        218        716         12       2116      17089   ELF Image Totals
      4488        218        716         12          0          0   ROM Totals

==============================================================================

    Total RO  Size (Code + RO Data)                 5204 (   5.08kB)
    Total RW  Size (RW Data + ZI Data)              2128 (   2.08kB)
    Total ROM Size (Code + RO Data + RW Data)       5216 (   5.09kB)

==============================================================================

